loaded graph empty

path from n1 to n2:
no path found