loaded graph oneName

path from CAT to CAT:
no path found