loaded graph twoName

path from CAT to RAT:
CAT to RAT via A2