# Create an empty graph
created graph emptyGraph

# Get the nodes of the graph
emptyGraph contains:
