# Create a graph
created graph oneNode

#Add node to the graph
added node a to oneNode

#Add edge to the graph
added edge aa from a to a in oneNode

# Get the nodes of the graph
oneNode contains: a

# Get the edges of the graph
the children of n1 in graph1 are: a[aa]]>