# Create a graph
created graph singleNode

#Add node to the graph
added node a to singleNode

# Get the nodes of the graph
singleNode contains: a