# Create an empty graph
Created graph emptyGraph

# Get the nodes of the graph
emptyGraph contains:
