created graph emptyGraph

emptyGraph contains:

unknown node a
unknown node b