created graph oneNode

added node a to oneNode

added edge 1.000 from a to a in oneNode

oneNode contains: [a]

unknown: b